current directory: C:/Users/blake/OneDrive/Pictures/Event Assets/WY Gun Collectors Assoc/wwca-site/vendor/bundle/ruby/3.3.0/gems/eventmachine-1.2.7/ext/fastfilereader
C:/Ruby33-x64/bin/ruby.exe extconf.rb
creating Makefile

current directory: C:/Users/blake/OneDrive/Pictures/Event Assets/WY Gun Collectors Assoc/wwca-site/vendor/bundle/ruby/3.3.0/gems/eventmachine-1.2.7/ext/fastfilereader
make DESTDIR\= sitearchdir\=./.gem.20260915-23628-c6rns5 sitelibdir\=./.gem.20260915-23628-c6rns5 clean
make: warning: jobserver unavailable: using -j1.  Add '+' to parent make rule.

current directory: C:/Users/blake/OneDrive/Pictures/Event Assets/WY Gun Collectors Assoc/wwca-site/vendor/bundle/ruby/3.3.0/gems/eventmachine-1.2.7/ext/fastfilereader
make DESTDIR\= sitearchdir\=./.gem.20260915-23628-c6rns5 sitelibdir\=./.gem.20260915-23628-c6rns5
make: warning: jobserver unavailable: using -j1.  Add '+' to parent make rule.
generating fastfilereaderext-x64-mingw-ucrt.def
compiling mapper.cpp
compiling rubymain.cpp
linking shared-object fastfilereaderext.so

current directory: C:/Users/blake/OneDrive/Pictures/Event Assets/WY Gun Collectors Assoc/wwca-site/vendor/bundle/ruby/3.3.0/gems/eventmachine-1.2.7/ext/fastfilereader
make DESTDIR\= sitearchdir\=./.gem.20260915-23628-c6rns5 sitelibdir\=./.gem.20260915-23628-c6rns5 install
make: warning: jobserver unavailable: using -j1.  Add '+' to parent make rule.
/usr/bin/install -c -m 0755 fastfilereaderext.so ./.gem.20260915-23628-c6rns5

current directory: C:/Users/blake/OneDrive/Pictures/Event Assets/WY Gun Collectors Assoc/wwca-site/vendor/bundle/ruby/3.3.0/gems/eventmachine-1.2.7/ext/fastfilereader
make DESTDIR\= sitearchdir\=./.gem.20260915-23628-c6rns5 sitelibdir\=./.gem.20260915-23628-c6rns5 clean
make: warning: jobserver unavailable: using -j1.  Add '+' to parent make rule.
