current directory: C:/Users/blake/OneDrive/Pictures/Event Assets/WY Gun Collectors Assoc/wwca-site/vendor/bundle/ruby/3.3.0/gems/http_parser.rb-0.8.1/ext/ruby_http_parser
C:/Ruby33-x64/bin/ruby.exe extconf.rb
creating Makefile

current directory: C:/Users/blake/OneDrive/Pictures/Event Assets/WY Gun Collectors Assoc/wwca-site/vendor/bundle/ruby/3.3.0/gems/http_parser.rb-0.8.1/ext/ruby_http_parser
make DESTDIR\= sitearchdir\=./.gem.20260915-23628-czygex sitelibdir\=./.gem.20260915-23628-czygex clean
make: warning: jobserver unavailable: using -j1.  Add '+' to parent make rule.

current directory: C:/Users/blake/OneDrive/Pictures/Event Assets/WY Gun Collectors Assoc/wwca-site/vendor/bundle/ruby/3.3.0/gems/http_parser.rb-0.8.1/ext/ruby_http_parser
make DESTDIR\= sitearchdir\=./.gem.20260915-23628-czygex sitelibdir\=./.gem.20260915-23628-czygex
make: warning: jobserver unavailable: using -j1.  Add '+' to parent make rule.
generating ruby_http_parser-x64-mingw-ucrt.def
compiling ruby_http_parser.c
compiling ryah_http_parser.c
linking shared-object ruby_http_parser.so

current directory: C:/Users/blake/OneDrive/Pictures/Event Assets/WY Gun Collectors Assoc/wwca-site/vendor/bundle/ruby/3.3.0/gems/http_parser.rb-0.8.1/ext/ruby_http_parser
make DESTDIR\= sitearchdir\=./.gem.20260915-23628-czygex sitelibdir\=./.gem.20260915-23628-czygex install
make: warning: jobserver unavailable: using -j1.  Add '+' to parent make rule.
/usr/bin/install -c -m 0755 ruby_http_parser.so ./.gem.20260915-23628-czygex

current directory: C:/Users/blake/OneDrive/Pictures/Event Assets/WY Gun Collectors Assoc/wwca-site/vendor/bundle/ruby/3.3.0/gems/http_parser.rb-0.8.1/ext/ruby_http_parser
make DESTDIR\= sitearchdir\=./.gem.20260915-23628-czygex sitelibdir\=./.gem.20260915-23628-czygex clean
make: warning: jobserver unavailable: using -j1.  Add '+' to parent make rule.
