current directory: C:/Users/blake/OneDrive/Pictures/Event Assets/WY Gun Collectors Assoc/wwca-site/vendor/bundle/ruby/3.3.0/gems/bigdecimal-4.1.3/ext/bigdecimal
C:/Ruby33-x64/bin/ruby.exe extconf.rb
checking for __builtin_clz()... yes
checking for __builtin_clzl()... yes
checking for __builtin_clzll()... yes
checking for float.h... yes
checking for math.h... yes
checking for stdbool.h... yes
checking for stdlib.h... yes
checking for x86intrin.h... yes
checking for _lzcnt_u32() in x86intrin.h... no
checking for _lzcnt_u64() in x86intrin.h... no
checking for intrin.h... yes
checking for __lzcnt() in intrin.h... no
checking for __lzcnt64() in intrin.h... no
checking for _BitScanReverse() in intrin.h... yes
checking for _BitScanReverse64() in intrin.h... yes
checking for ruby/atomic.h... yes
checking for ruby/internal/has/builtin.h... yes
checking for ruby/internal/static_assert.h... yes
checking for rb_complex_real() in ruby.h... yes
checking for rb_complex_imag() in ruby.h... yes
checking for rb_opts_exception_p() in ruby.h... yes
checking for rb_category_warn() in ruby.h... yes
checking for RB_WARN_CATEGORY_DEPRECATED in ruby.h... yes
checking for RUBY_TYPED_EMBEDDABLE in ruby.h... yes
creating Makefile

current directory: C:/Users/blake/OneDrive/Pictures/Event Assets/WY Gun Collectors Assoc/wwca-site/vendor/bundle/ruby/3.3.0/gems/bigdecimal-4.1.3/ext/bigdecimal
make DESTDIR\= sitearchdir\=./.gem.20260915-23628-9b6c8j sitelibdir\=./.gem.20260915-23628-9b6c8j clean
make: warning: jobserver unavailable: using -j1.  Add '+' to parent make rule.

current directory: C:/Users/blake/OneDrive/Pictures/Event Assets/WY Gun Collectors Assoc/wwca-site/vendor/bundle/ruby/3.3.0/gems/bigdecimal-4.1.3/ext/bigdecimal
make DESTDIR\= sitearchdir\=./.gem.20260915-23628-9b6c8j sitelibdir\=./.gem.20260915-23628-9b6c8j
make: warning: jobserver unavailable: using -j1.  Add '+' to parent make rule.
generating bigdecimal-x64-mingw-ucrt.def
compiling bigdecimal.c
compiling missing.c
linking shared-object bigdecimal.so

current directory: C:/Users/blake/OneDrive/Pictures/Event Assets/WY Gun Collectors Assoc/wwca-site/vendor/bundle/ruby/3.3.0/gems/bigdecimal-4.1.3/ext/bigdecimal
make DESTDIR\= sitearchdir\=./.gem.20260915-23628-9b6c8j sitelibdir\=./.gem.20260915-23628-9b6c8j install
make: warning: jobserver unavailable: using -j1.  Add '+' to parent make rule.
/usr/bin/install -c -m 0755 bigdecimal.so ./.gem.20260915-23628-9b6c8j

current directory: C:/Users/blake/OneDrive/Pictures/Event Assets/WY Gun Collectors Assoc/wwca-site/vendor/bundle/ruby/3.3.0/gems/bigdecimal-4.1.3/ext/bigdecimal
make DESTDIR\= sitearchdir\=./.gem.20260915-23628-9b6c8j sitelibdir\=./.gem.20260915-23628-9b6c8j clean
make: warning: jobserver unavailable: using -j1.  Add '+' to parent make rule.
